Component: ARM Compiler 5.06 update 6 (build 750) Tool: armlink [4d35ed]

==============================================================================

Section Cross References

    main.o(.text) refers to hw2.o(.text) for initialize_serial_debug
    main.o(.text) refers to lcd.o(.text) for lcd_config_gpio
    main.o(.text) refers to hw2_images.o(.constdata) for space_shipBitmaps
    main.o(.data) refers to main.o(.conststring) for .conststring
    lcd.o(.text) refers to lcd.o(i.lcd_write_data_u16) for lcd_write_data_u16
    lcd.o(.text) refers to gpio_port.o(.text) for gpio_enable_port
    startup_tm4c123.o(RESET) refers to startup_tm4c123.o(STACK) for __initial_sp
    startup_tm4c123.o(RESET) refers to startup_tm4c123.o(.text) for Reset_Handler
    startup_tm4c123.o(.text) refers to system_tm4c123.o(.text) for SystemInit
    startup_tm4c123.o(.text) refers to entry.o(.ARM.Collect$$$$00000000) for __main
    system_tm4c123.o(.text) refers to system_tm4c123.o(.data) for SystemCoreClock
    entry.o(.ARM.Collect$$$$00000000) refers (Special) to entry10a.o(.ARM.Collect$$$$0000000D) for __rt_final_cpp
    entry.o(.ARM.Collect$$$$00000000) refers (Special) to entry11a.o(.ARM.Collect$$$$0000000F) for __rt_final_exit
    entry.o(.ARM.Collect$$$$00000000) refers (Special) to entry7b.o(.ARM.Collect$$$$00000008) for _main_clock
    entry.o(.ARM.Collect$$$$00000000) refers (Special) to entry8b.o(.ARM.Collect$$$$0000000A) for _main_cpp_init
    entry.o(.ARM.Collect$$$$00000000) refers (Special) to entry9a.o(.ARM.Collect$$$$0000000B) for _main_init
    entry.o(.ARM.Collect$$$$00000000) refers (Special) to entry5.o(.ARM.Collect$$$$00000004) for _main_scatterload
    entry.o(.ARM.Collect$$$$00000000) refers (Special) to entry2.o(.ARM.Collect$$$$00000001) for _main_stk
    entry2.o(.ARM.Collect$$$$00000001) refers to entry2.o(.ARM.Collect$$$$00002712) for __lit__00000000
    entry2.o(.ARM.Collect$$$$00002712) refers to startup_tm4c123.o(STACK) for __initial_sp
    entry2.o(__vectab_stack_and_reset_area) refers to startup_tm4c123.o(STACK) for __initial_sp
    entry2.o(__vectab_stack_and_reset_area) refers to entry.o(.ARM.Collect$$$$00000000) for __main
    entry5.o(.ARM.Collect$$$$00000004) refers to init.o(.text) for __scatterload
    entry9a.o(.ARM.Collect$$$$0000000B) refers to main.o(.text) for main
    entry9b.o(.ARM.Collect$$$$0000000C) refers to main.o(.text) for main
    init.o(.text) refers to entry5.o(.ARM.Collect$$$$00000004) for __main_after_scatterload


==============================================================================

Removing Unused input sections from the image.

    Removing main.o(.rev16_text), (4 bytes).
    Removing main.o(.revsh_text), (4 bytes).
    Removing main.o(.rrx_text), (6 bytes).
    Removing main.o(.conststring), (85 bytes).
    Removing main.o(.data), (56 bytes).
    Removing gpio_port.o(.rev16_text), (4 bytes).
    Removing gpio_port.o(.revsh_text), (4 bytes).
    Removing gpio_port.o(.rrx_text), (6 bytes).
    Removing lcd.o(.rev16_text), (4 bytes).
    Removing lcd.o(.revsh_text), (4 bytes).
    Removing lcd.o(.rrx_text), (6 bytes).
    Removing startup_tm4c123.o(HEAP), (0 bytes).
    Removing system_tm4c123.o(.rev16_text), (4 bytes).
    Removing system_tm4c123.o(.revsh_text), (4 bytes).
    Removing system_tm4c123.o(.rrx_text), (6 bytes).
    Removing hw2.o(.rev16_text), (4 bytes).
    Removing hw2.o(.revsh_text), (4 bytes).
    Removing hw2.o(.rrx_text), (6 bytes).

18 unused section(s) (total 211 bytes) removed from the image.

==============================================================================

Image Symbol Table

    Local Symbols

    Symbol Name                              Value     Ov Type        Size  Object(Section)

    RESET                                    0x00000000   Section      620  startup_tm4c123.o(RESET)
    ../clib/microlib/init/entry.s            0x00000000   Number         0  entry2.o ABSOLUTE
    ../clib/microlib/init/entry.s            0x00000000   Number         0  entry5.o ABSOLUTE
    ../clib/microlib/init/entry.s            0x00000000   Number         0  entry11b.o ABSOLUTE
    ../clib/microlib/init/entry.s            0x00000000   Number         0  entry11a.o ABSOLUTE
    ../clib/microlib/init/entry.s            0x00000000   Number         0  entry10b.o ABSOLUTE
    ../clib/microlib/init/entry.s            0x00000000   Number         0  entry10a.o ABSOLUTE
    ../clib/microlib/init/entry.s            0x00000000   Number         0  entry9b.o ABSOLUTE
    ../clib/microlib/init/entry.s            0x00000000   Number         0  entry9a.o ABSOLUTE
    ../clib/microlib/init/entry.s            0x00000000   Number         0  entry8b.o ABSOLUTE
    ../clib/microlib/init/entry.s            0x00000000   Number         0  entry8a.o ABSOLUTE
    ../clib/microlib/init/entry.s            0x00000000   Number         0  entry7b.o ABSOLUTE
    ../clib/microlib/init/entry.s            0x00000000   Number         0  entry.o ABSOLUTE
    ../clib/microlib/init/entry.s            0x00000000   Number         0  entry7a.o ABSOLUTE
    ..\\drivers\\c\\gpio_port.c              0x00000000   Number         0  gpio_port.o ABSOLUTE
    ..\\peripherals\\c\\lcd.c                0x00000000   Number         0  lcd.o ABSOLUTE
    ..\drivers\c\gpio_port.c                 0x00000000   Number         0  gpio_port.o ABSOLUTE
    ..\peripherals\c\lcd.c                   0x00000000   Number         0  lcd.o ABSOLUTE
    RTE\Device\TM4C123GH6PM\startup_TM4C123.s 0x00000000   Number         0  startup_tm4c123.o ABSOLUTE
    RTE\Device\TM4C123GH6PM\system_TM4C123.c 0x00000000   Number         0  system_tm4c123.o ABSOLUTE
    RTE\\Device\\TM4C123GH6PM\\system_TM4C123.c 0x00000000   Number         0  system_tm4c123.o ABSOLUTE
    dc.s                                     0x00000000   Number         0  dc.o ABSOLUTE
    handlers.s                               0x00000000   Number         0  handlers.o ABSOLUTE
    hw2.c                                    0x00000000   Number         0  hw2.o ABSOLUTE
    hw2.c                                    0x00000000   Number         0  hw2.o ABSOLUTE
    hw2_images.c                             0x00000000   Number         0  hw2_images.o ABSOLUTE
    init.s                                   0x00000000   Number         0  init.o ABSOLUTE
    main.c                                   0x00000000   Number         0  main.o ABSOLUTE
    main.c                                   0x00000000   Number         0  main.o ABSOLUTE
    .ARM.Collect$$$$00000000                 0x0000026c   Section        0  entry.o(.ARM.Collect$$$$00000000)
    .ARM.Collect$$$$00000001                 0x0000026c   Section        4  entry2.o(.ARM.Collect$$$$00000001)
    .ARM.Collect$$$$00000004                 0x00000270   Section        4  entry5.o(.ARM.Collect$$$$00000004)
    .ARM.Collect$$$$00000008                 0x00000274   Section        0  entry7b.o(.ARM.Collect$$$$00000008)
    .ARM.Collect$$$$0000000A                 0x00000274   Section        0  entry8b.o(.ARM.Collect$$$$0000000A)
    .ARM.Collect$$$$0000000B                 0x00000274   Section        8  entry9a.o(.ARM.Collect$$$$0000000B)
    .ARM.Collect$$$$0000000D                 0x0000027c   Section        0  entry10a.o(.ARM.Collect$$$$0000000D)
    .ARM.Collect$$$$0000000F                 0x0000027c   Section        0  entry11a.o(.ARM.Collect$$$$0000000F)
    .ARM.Collect$$$$00002712                 0x0000027c   Section        4  entry2.o(.ARM.Collect$$$$00002712)
    __lit__00000000                          0x0000027c   Data           4  entry2.o(.ARM.Collect$$$$00002712)
    .text                                    0x00000280   Section        0  main.o(.text)
    .text                                    0x00000348   Section        0  gpio_port.o(.text)
    verify_base_addr                         0x00000349   Thumb Code    64  gpio_port.o(.text)
    .text                                    0x00000584   Section        0  lcd.o(.text)
    delayms                                  0x00000585   Thumb Code    26  lcd.o(.text)
    lcd_write_cmd_u8                         0x0000059f   Thumb Code    40  lcd.o(.text)
    lcd_write_data_u8                        0x000005c7   Thumb Code    28  lcd.o(.text)
    .text                                    0x00000a18   Section      252  startup_tm4c123.o(.text)
    $v0                                      0x00000a18   Number         0  startup_tm4c123.o(.text)
    .text                                    0x00000b14   Section        0  system_tm4c123.o(.text)
    getOscClk                                0x00000b15   Thumb Code   182  system_tm4c123.o(.text)
    .text                                    0x00000d60   Section        0  hw2.o(.text)
    .text                                    0x00000eb0   Section       36  init.o(.text)
    i.__scatterload_copy                     0x00000ed4   Section       14  handlers.o(i.__scatterload_copy)
    i.__scatterload_null                     0x00000ee2   Section        2  handlers.o(i.__scatterload_null)
    i.__scatterload_zeroinit                 0x00000ee4   Section       14  handlers.o(i.__scatterload_zeroinit)
    i.lcd_write_data_u16                     0x00000ef4   Section        0  lcd.o(i.lcd_write_data_u16)
    .constdata                               0x00000f30   Section      254  hw2_images.o(.constdata)
    .data                                    0x20000000   Section        4  system_tm4c123.o(.data)
    STACK                                    0x20000008   Section      512  startup_tm4c123.o(STACK)

    Global Symbols

    Symbol Name                              Value     Ov Type        Size  Object(Section)

    BuildAttributes$$THM_ISAv4$E$P$D$K$B$S$7EM$VFPi3$EXTD16$VFPS$VFMA$PE$A:L22UL41UL21$X:L11$S22US41US21$IEEE1$IW$USESV6$~STKCKD$USESV7$~SHL$OSPACE$EBA8$MICROLIB$REQ8$PRES8$EABIv2 0x00000000   Number         0  anon$$obj.o ABSOLUTE
    __ARM_use_no_argv                        0x00000000   Number         0  main.o ABSOLUTE
    __Vectors                                0x00000000   Data           4  startup_tm4c123.o(RESET)
    __cpp_initialize__aeabi_                  - Undefined Weak Reference
    __cxa_finalize                            - Undefined Weak Reference
    __decompress                              - Undefined Weak Reference
    _clock_init                               - Undefined Weak Reference
    _microlib_exit                            - Undefined Weak Reference
    __Vectors_End                            0x0000026c   Data           0  startup_tm4c123.o(RESET)
    __Vectors_Size                           0x0000026c   Number         0  startup_tm4c123.o ABSOLUTE
    __main                                   0x0000026d   Thumb Code     0  entry.o(.ARM.Collect$$$$00000000)
    _main_stk                                0x0000026d   Thumb Code     0  entry2.o(.ARM.Collect$$$$00000001)
    _main_scatterload                        0x00000271   Thumb Code     0  entry5.o(.ARM.Collect$$$$00000004)
    __main_after_scatterload                 0x00000275   Thumb Code     0  entry5.o(.ARM.Collect$$$$00000004)
    _main_clock                              0x00000275   Thumb Code     0  entry7b.o(.ARM.Collect$$$$00000008)
    _main_cpp_init                           0x00000275   Thumb Code     0  entry8b.o(.ARM.Collect$$$$0000000A)
    _main_init                               0x00000275   Thumb Code     0  entry9a.o(.ARM.Collect$$$$0000000B)
    __rt_final_cpp                           0x0000027d   Thumb Code     0  entry10a.o(.ARM.Collect$$$$0000000D)
    __rt_final_exit                          0x0000027d   Thumb Code     0  entry11a.o(.ARM.Collect$$$$0000000F)
    init_hardware                            0x00000281   Thumb Code    24  main.o(.text)
    loopThroughArray                         0x00000299   Thumb Code     4  main.o(.text)
    main                                     0x0000029d   Thumb Code    76  main.o(.text)
    gpio_get_irq_num                         0x00000389   Thumb Code    74  gpio_port.o(.text)
    gpio_enable_port                         0x000003d3   Thumb Code   156  gpio_port.o(.text)
    gpio_config_digital_enable               0x0000046f   Thumb Code    34  gpio_port.o(.text)
    gpio_config_enable_output                0x00000491   Thumb Code    34  gpio_port.o(.text)
    gpio_config_enable_input                 0x000004b3   Thumb Code    34  gpio_port.o(.text)
    gpio_config_enable_pullup                0x000004d5   Thumb Code    28  gpio_port.o(.text)
    gpio_config_enable_pulldown              0x000004f1   Thumb Code    28  gpio_port.o(.text)
    gpio_config_analog_enable                0x0000050d   Thumb Code    34  gpio_port.o(.text)
    gpio_config_alternate_function           0x0000052f   Thumb Code    34  gpio_port.o(.text)
    gpio_config_port_control                 0x00000551   Thumb Code     6  gpio_port.o(.text)
    gpio_config_open_drain                   0x00000557   Thumb Code     6  gpio_port.o(.text)
    gpio_config_falling_edge_irq             0x0000055d   Thumb Code     6  gpio_port.o(.text)
    lcd_set_pos                              0x000005e3   Thumb Code    58  lcd.o(.text)
    lcd_clear_screen                         0x0000061d   Thumb Code    52  lcd.o(.text)
    lcd_draw_image                           0x00000651   Thumb Code   242  lcd.o(.text)
    lcd_config_gpio                          0x00000743   Thumb Code   152  lcd.o(.text)
    lcd_config_screen                        0x000007db   Thumb Code   568  lcd.o(.text)
    Reset_Handler                            0x00000a19   Thumb Code     8  startup_tm4c123.o(.text)
    NMI_Handler                              0x00000a21   Thumb Code     2  startup_tm4c123.o(.text)
    HardFault_Handler                        0x00000a23   Thumb Code     2  startup_tm4c123.o(.text)
    MemManage_Handler                        0x00000a25   Thumb Code     2  startup_tm4c123.o(.text)
    BusFault_Handler                         0x00000a27   Thumb Code     2  startup_tm4c123.o(.text)
    UsageFault_Handler                       0x00000a29   Thumb Code     2  startup_tm4c123.o(.text)
    SVC_Handler                              0x00000a2b   Thumb Code     2  startup_tm4c123.o(.text)
    DebugMon_Handler                         0x00000a2d   Thumb Code     2  startup_tm4c123.o(.text)
    PendSV_Handler                           0x00000a2f   Thumb Code     2  startup_tm4c123.o(.text)
    SysTick_Handler                          0x00000a31   Thumb Code     2  startup_tm4c123.o(.text)
    GPIOA_Handler                            0x00000a33   Thumb Code     2  startup_tm4c123.o(.text)
    GPIOB_Handler                            0x00000a35   Thumb Code     2  startup_tm4c123.o(.text)
    GPIOC_Handler                            0x00000a37   Thumb Code     2  startup_tm4c123.o(.text)
    GPIOD_Handler                            0x00000a39   Thumb Code     2  startup_tm4c123.o(.text)
    GPIOE_Handler                            0x00000a3b   Thumb Code     2  startup_tm4c123.o(.text)
    UART0_Handler                            0x00000a3d   Thumb Code     2  startup_tm4c123.o(.text)
    UART1_Handler                            0x00000a3f   Thumb Code     2  startup_tm4c123.o(.text)
    SSI0_Handler                             0x00000a41   Thumb Code     2  startup_tm4c123.o(.text)
    I2C0_Handler                             0x00000a43   Thumb Code     2  startup_tm4c123.o(.text)
    PMW0_FAULT_Handler                       0x00000a45   Thumb Code     2  startup_tm4c123.o(.text)
    PWM0_0_Handler                           0x00000a47   Thumb Code     2  startup_tm4c123.o(.text)
    PWM0_1_Handler                           0x00000a49   Thumb Code     2  startup_tm4c123.o(.text)
    PWM0_2_Handler                           0x00000a4b   Thumb Code     2  startup_tm4c123.o(.text)
    QEI0_Handler                             0x00000a4d   Thumb Code     2  startup_tm4c123.o(.text)
    ADC0SS0_Handler                          0x00000a4f   Thumb Code     2  startup_tm4c123.o(.text)
    ADC0SS1_Handler                          0x00000a51   Thumb Code     2  startup_tm4c123.o(.text)
    ADC0SS2_Handler                          0x00000a53   Thumb Code     2  startup_tm4c123.o(.text)
    ADC0SS3_Handler                          0x00000a55   Thumb Code     2  startup_tm4c123.o(.text)
    WDT0_Handler                             0x00000a57   Thumb Code     2  startup_tm4c123.o(.text)
    TIMER0A_Handler                          0x00000a59   Thumb Code     2  startup_tm4c123.o(.text)
    TIMER0B_Handler                          0x00000a5b   Thumb Code     2  startup_tm4c123.o(.text)
    TIMER1A_Handler                          0x00000a5d   Thumb Code     2  startup_tm4c123.o(.text)
    TIMER1B_Handler                          0x00000a5f   Thumb Code     2  startup_tm4c123.o(.text)
    TIMER2A_Handler                          0x00000a61   Thumb Code     2  startup_tm4c123.o(.text)
    TIMER2B_Handler                          0x00000a63   Thumb Code     2  startup_tm4c123.o(.text)
    COMP0_Handler                            0x00000a65   Thumb Code     2  startup_tm4c123.o(.text)
    COMP1_Handler                            0x00000a67   Thumb Code     2  startup_tm4c123.o(.text)
    COMP2_Handler                            0x00000a69   Thumb Code     2  startup_tm4c123.o(.text)
    SYSCTL_Handler                           0x00000a6b   Thumb Code     2  startup_tm4c123.o(.text)
    FLASH_Handler                            0x00000a6d   Thumb Code     2  startup_tm4c123.o(.text)
    GPIOF_Handler                            0x00000a6f   Thumb Code     2  startup_tm4c123.o(.text)
    GPIOG_Handler                            0x00000a71   Thumb Code     2  startup_tm4c123.o(.text)
    GPIOH_Handler                            0x00000a73   Thumb Code     2  startup_tm4c123.o(.text)
    UART2_Handler                            0x00000a75   Thumb Code     2  startup_tm4c123.o(.text)
    SSI1_Handler                             0x00000a77   Thumb Code     2  startup_tm4c123.o(.text)
    TIMER3A_Handler                          0x00000a79   Thumb Code     2  startup_tm4c123.o(.text)
    TIMER3B_Handler                          0x00000a7b   Thumb Code     2  startup_tm4c123.o(.text)
    I2C1_Handler                             0x00000a7d   Thumb Code     2  startup_tm4c123.o(.text)
    QEI1_Handler                             0x00000a7f   Thumb Code     2  startup_tm4c123.o(.text)
    CAN0_Handler                             0x00000a81   Thumb Code     2  startup_tm4c123.o(.text)
    CAN1_Handler                             0x00000a83   Thumb Code     2  startup_tm4c123.o(.text)
    CAN2_Handler                             0x00000a85   Thumb Code     2  startup_tm4c123.o(.text)
    HIB_Handler                              0x00000a87   Thumb Code     2  startup_tm4c123.o(.text)
    USB0_Handler                             0x00000a89   Thumb Code     2  startup_tm4c123.o(.text)
    PWM0_3_Handler                           0x00000a8b   Thumb Code     2  startup_tm4c123.o(.text)
    UDMA_Handler                             0x00000a8d   Thumb Code     2  startup_tm4c123.o(.text)
    UDMAERR_Handler                          0x00000a8f   Thumb Code     2  startup_tm4c123.o(.text)
    ADC1SS0_Handler                          0x00000a91   Thumb Code     2  startup_tm4c123.o(.text)
    ADC1SS1_Handler                          0x00000a93   Thumb Code     2  startup_tm4c123.o(.text)
    ADC1SS2_Handler                          0x00000a95   Thumb Code     2  startup_tm4c123.o(.text)
    ADC1SS3_Handler                          0x00000a97   Thumb Code     2  startup_tm4c123.o(.text)
    GPIOJ_Handler                            0x00000a99   Thumb Code     2  startup_tm4c123.o(.text)
    GPIOK_Handler                            0x00000a9b   Thumb Code     2  startup_tm4c123.o(.text)
    GPIOL_Handler                            0x00000a9d   Thumb Code     2  startup_tm4c123.o(.text)
    SSI2_Handler                             0x00000a9f   Thumb Code     2  startup_tm4c123.o(.text)
    SSI3_Handler                             0x00000aa1   Thumb Code     2  startup_tm4c123.o(.text)
    UART3_Handler                            0x00000aa3   Thumb Code     2  startup_tm4c123.o(.text)
    UART4_Handler                            0x00000aa5   Thumb Code     2  startup_tm4c123.o(.text)
    UART5_Handler                            0x00000aa7   Thumb Code     2  startup_tm4c123.o(.text)
    UART6_Handler                            0x00000aa9   Thumb Code     2  startup_tm4c123.o(.text)
    UART7_Handler                            0x00000aab   Thumb Code     2  startup_tm4c123.o(.text)
    I2C2_Handler                             0x00000aad   Thumb Code     2  startup_tm4c123.o(.text)
    I2C3_Handler                             0x00000aaf   Thumb Code     2  startup_tm4c123.o(.text)
    TIMER4A_Handler                          0x00000ab1   Thumb Code     2  startup_tm4c123.o(.text)
    TIMER4B_Handler                          0x00000ab3   Thumb Code     2  startup_tm4c123.o(.text)
    TIMER5A_Handler                          0x00000ab5   Thumb Code     2  startup_tm4c123.o(.text)
    TIMER5B_Handler                          0x00000ab7   Thumb Code     2  startup_tm4c123.o(.text)
    WTIMER0A_Handler                         0x00000ab9   Thumb Code     2  startup_tm4c123.o(.text)
    WTIMER0B_Handler                         0x00000abb   Thumb Code     2  startup_tm4c123.o(.text)
    WTIMER1A_Handler                         0x00000abd   Thumb Code     2  startup_tm4c123.o(.text)
    WTIMER1B_Handler                         0x00000abf   Thumb Code     2  startup_tm4c123.o(.text)
    WTIMER2A_Handler                         0x00000ac1   Thumb Code     2  startup_tm4c123.o(.text)
    WTIMER2B_Handler                         0x00000ac3   Thumb Code     2  startup_tm4c123.o(.text)
    WTIMER3A_Handler                         0x00000ac5   Thumb Code     2  startup_tm4c123.o(.text)
    WTIMER3B_Handler                         0x00000ac7   Thumb Code     2  startup_tm4c123.o(.text)
    WTIMER4A_Handler                         0x00000ac9   Thumb Code     2  startup_tm4c123.o(.text)
    WTIMER4B_Handler                         0x00000acb   Thumb Code     2  startup_tm4c123.o(.text)
    WTIMER5A_Handler                         0x00000acd   Thumb Code     2  startup_tm4c123.o(.text)
    WTIMER5B_Handler                         0x00000acf   Thumb Code     2  startup_tm4c123.o(.text)
    FPU_Handler                              0x00000ad1   Thumb Code     2  startup_tm4c123.o(.text)
    I2C4_Handler                             0x00000ad3   Thumb Code     2  startup_tm4c123.o(.text)
    I2C5_Handler                             0x00000ad5   Thumb Code     2  startup_tm4c123.o(.text)
    GPIOM_Handler                            0x00000ad7   Thumb Code     2  startup_tm4c123.o(.text)
    GPION_Handler                            0x00000ad9   Thumb Code     2  startup_tm4c123.o(.text)
    QEI2_Handler                             0x00000adb   Thumb Code     2  startup_tm4c123.o(.text)
    GPIOP0_Handler                           0x00000add   Thumb Code     2  startup_tm4c123.o(.text)
    GPIOP1_Handler                           0x00000adf   Thumb Code     2  startup_tm4c123.o(.text)
    GPIOP2_Handler                           0x00000ae1   Thumb Code     2  startup_tm4c123.o(.text)
    GPIOP3_Handler                           0x00000ae3   Thumb Code     2  startup_tm4c123.o(.text)
    GPIOP4_Handler                           0x00000ae5   Thumb Code     2  startup_tm4c123.o(.text)
    GPIOP5_Handler                           0x00000ae7   Thumb Code     2  startup_tm4c123.o(.text)
    GPIOP6_Handler                           0x00000ae9   Thumb Code     2  startup_tm4c123.o(.text)
    GPIOP7_Handler                           0x00000aeb   Thumb Code     2  startup_tm4c123.o(.text)
    GPIOQ0_Handler                           0x00000aed   Thumb Code     2  startup_tm4c123.o(.text)
    GPIOQ1_Handler                           0x00000aef   Thumb Code     2  startup_tm4c123.o(.text)
    GPIOQ2_Handler                           0x00000af1   Thumb Code     2  startup_tm4c123.o(.text)
    GPIOQ3_Handler                           0x00000af3   Thumb Code     2  startup_tm4c123.o(.text)
    GPIOQ4_Handler                           0x00000af5   Thumb Code     2  startup_tm4c123.o(.text)
    GPIOQ5_Handler                           0x00000af7   Thumb Code     2  startup_tm4c123.o(.text)
    GPIOQ6_Handler                           0x00000af9   Thumb Code     2  startup_tm4c123.o(.text)
    GPIOQ7_Handler                           0x00000afb   Thumb Code     2  startup_tm4c123.o(.text)
    GPIOR_Handler                            0x00000afd   Thumb Code     2  startup_tm4c123.o(.text)
    GPIOS_Handler                            0x00000aff   Thumb Code     2  startup_tm4c123.o(.text)
    PMW1_0_Handler                           0x00000b01   Thumb Code     2  startup_tm4c123.o(.text)
    PWM1_1_Handler                           0x00000b03   Thumb Code     2  startup_tm4c123.o(.text)
    PWM1_2_Handler                           0x00000b05   Thumb Code     2  startup_tm4c123.o(.text)
    PWM1_3_Handler                           0x00000b07   Thumb Code     2  startup_tm4c123.o(.text)
    PWM1_FAULT_Handler                       0x00000b09   Thumb Code     2  startup_tm4c123.o(.text)
    SystemCoreClockUpdate                    0x00000bcb   Thumb Code   184  system_tm4c123.o(.text)
    SystemInit                               0x00000c83   Thumb Code   112  system_tm4c123.o(.text)
    staff_uart_config_gpio                   0x00000d61   Thumb Code    82  hw2.o(.text)
    staff_uart_config_polling                0x00000db3   Thumb Code    68  hw2.o(.text)
    put_string                               0x00000df7   Thumb Code    34  hw2.o(.text)
    put_char                                 0x00000e19   Thumb Code    20  hw2.o(.text)
    get_char                                 0x00000e2d   Thumb Code    62  hw2.o(.text)
    get_string                               0x00000e6b   Thumb Code    40  hw2.o(.text)
    initialize_serial_debug                  0x00000e93   Thumb Code    12  hw2.o(.text)
    __scatterload                            0x00000eb1   Thumb Code    28  init.o(.text)
    __scatterload_rt2                        0x00000eb1   Thumb Code     0  init.o(.text)
    __scatterload_copy                       0x00000ed5   Thumb Code    14  handlers.o(i.__scatterload_copy)
    __scatterload_null                       0x00000ee3   Thumb Code     2  handlers.o(i.__scatterload_null)
    __scatterload_zeroinit                   0x00000ee5   Thumb Code    14  handlers.o(i.__scatterload_zeroinit)
    lcd_write_data_u16                       0x00000ef5   Thumb Code    48  lcd.o(i.lcd_write_data_u16)
    space_shipBitmaps                        0x00000f30   Data         252  hw2_images.o(.constdata)
    space_shipWidthPixels                    0x0000102c   Data           1  hw2_images.o(.constdata)
    space_shipHeightPixels                   0x0000102d   Data           1  hw2_images.o(.constdata)
    Region$$Table$$Base                      0x00001030   Number         0  anon$$obj.o(Region$$Table)
    Region$$Table$$Limit                     0x00001050   Number         0  anon$$obj.o(Region$$Table)
    SystemCoreClock                          0x20000000   Data           4  system_tm4c123.o(.data)
    __initial_sp                             0x20000208   Data           0  startup_tm4c123.o(STACK)



==============================================================================

Memory Map of the image

  Image Entry point : 0x00000a19

  Load Region LR_1 (Base: 0x00000000, Size: 0x00001054, Max: 0xffffffff, ABSOLUTE)

    Execution Region ER_RO (Exec base: 0x00000000, Load base: 0x00000000, Size: 0x00001050, Max: 0xffffffff, ABSOLUTE)

    Exec Addr    Load Addr    Size         Type   Attr      Idx    E Section Name        Object

    0x00000000   0x00000000   0x0000026c   Data   RO          166    RESET               startup_tm4c123.o
    0x0000026c   0x0000026c   0x00000000   Code   RO          257  * .ARM.Collect$$$$00000000  mc_w.l(entry.o)
    0x0000026c   0x0000026c   0x00000004   Code   RO          260    .ARM.Collect$$$$00000001  mc_w.l(entry2.o)
    0x00000270   0x00000270   0x00000004   Code   RO          263    .ARM.Collect$$$$00000004  mc_w.l(entry5.o)
    0x00000274   0x00000274   0x00000000   Code   RO          265    .ARM.Collect$$$$00000008  mc_w.l(entry7b.o)
    0x00000274   0x00000274   0x00000000   Code   RO          267    .ARM.Collect$$$$0000000A  mc_w.l(entry8b.o)
    0x00000274   0x00000274   0x00000008   Code   RO          268    .ARM.Collect$$$$0000000B  mc_w.l(entry9a.o)
    0x0000027c   0x0000027c   0x00000000   Code   RO          270    .ARM.Collect$$$$0000000D  mc_w.l(entry10a.o)
    0x0000027c   0x0000027c   0x00000000   Code   RO          272    .ARM.Collect$$$$0000000F  mc_w.l(entry11a.o)
    0x0000027c   0x0000027c   0x00000004   Code   RO          261    .ARM.Collect$$$$00002712  mc_w.l(entry2.o)
    0x00000280   0x00000280   0x000000c8   Code   RO            4    .text               main.o
    0x00000348   0x00000348   0x0000023c   Code   RO          100    .text               gpio_port.o
    0x00000584   0x00000584   0x00000494   Code   RO          124    .text               lcd.o
    0x00000a18   0x00000a18   0x000000fc   Code   RO          167  * .text               startup_tm4c123.o
    0x00000b14   0x00000b14   0x0000024c   Code   RO          174    .text               system_tm4c123.o
    0x00000d60   0x00000d60   0x00000150   Code   RO          204    .text               hw2_f18.lib(hw2.o)
    0x00000eb0   0x00000eb0   0x00000024   Code   RO          274    .text               mc_w.l(init.o)
    0x00000ed4   0x00000ed4   0x0000000e   Code   RO          278    i.__scatterload_copy  mc_w.l(handlers.o)
    0x00000ee2   0x00000ee2   0x00000002   Code   RO          279    i.__scatterload_null  mc_w.l(handlers.o)
    0x00000ee4   0x00000ee4   0x0000000e   Code   RO          280    i.__scatterload_zeroinit  mc_w.l(handlers.o)
    0x00000ef2   0x00000ef2   0x00000002   PAD
    0x00000ef4   0x00000ef4   0x0000003c   Code   RO          142    i.lcd_write_data_u16  lcd.o
    0x00000f30   0x00000f30   0x000000fe   Data   RO          151    .constdata          hw2_images.o
    0x0000102e   0x0000102e   0x00000002   PAD
    0x00001030   0x00001030   0x00000020   Data   RO          276    Region$$Table       anon$$obj.o


    Execution Region ER_RW (Exec base: 0x20000000, Load base: 0x00001050, Size: 0x00000004, Max: 0xffffffff, ABSOLUTE)

    Exec Addr    Load Addr    Size         Type   Attr      Idx    E Section Name        Object

    0x20000000   0x00001050   0x00000004   Data   RW          175    .data               system_tm4c123.o


    Execution Region ER_ZI (Exec base: 0x20000004, Load base: 0x00001054, Size: 0x00000204, Max: 0xffffffff, ABSOLUTE)

    Exec Addr    Load Addr    Size         Type   Attr      Idx    E Section Name        Object

    0x20000004   0x00001054   0x00000004   PAD
    0x20000008        -       0x00000200   Zero   RW          164    STACK               startup_tm4c123.o


==============================================================================

Image component sizes


      Code (inc. data)   RO Data    RW Data    ZI Data      Debug   Object Name

       572         34          0          0          0       4914   gpio_port.o
         0          0        254          0          0        601   hw2_images.o
      1232         36          0          0          0       3789   lcd.o
       200         96          0          0          0      27490   main.o
       252         10        620          0        512       5436   startup_tm4c123.o
       588        134          0          4          0       1545   system_tm4c123.o

    ----------------------------------------------------------------------
      2844        310        908          4        516      43775   Object Totals
         0          0         32          0          0          0   (incl. Generated)
         0          0          2          0          4          0   (incl. Padding)

    ----------------------------------------------------------------------

      Code (inc. data)   RO Data    RW Data    ZI Data      Debug   Library Member Name

       336         18          0          0          0       1619   hw2.o
         0          0          0          0          0          0   entry.o
         0          0          0          0          0          0   entry10a.o
         0          0          0          0          0          0   entry11a.o
         8          4          0          0          0          0   entry2.o
         4          0          0          0          0          0   entry5.o
         0          0          0          0          0          0   entry7b.o
         0          0          0          0          0          0   entry8b.o
         8          4          0          0          0          0   entry9a.o
        30          0          0          0          0          0   handlers.o
        36          8          0          0          0         68   init.o

    ----------------------------------------------------------------------
       424         34          0          0          0       1687   Library Totals
         2          0          0          0          0          0   (incl. Padding)

    ----------------------------------------------------------------------

      Code (inc. data)   RO Data    RW Data    ZI Data      Debug   Library Name

       336         18          0          0          0       1619   hw2_f18.lib
        86         16          0          0          0         68   mc_w.l

    ----------------------------------------------------------------------
       424         34          0          0          0       1687   Library Totals

    ----------------------------------------------------------------------

==============================================================================


      Code (inc. data)   RO Data    RW Data    ZI Data      Debug   

      3268        344        908          4        516      44966   Grand Totals
      3268        344        908          4        516      44966   ELF Image Totals
      3268        344        908          4          0          0   ROM Totals

==============================================================================

    Total RO  Size (Code + RO Data)                 4176 (   4.08kB)
    Total RW  Size (RW Data + ZI Data)               520 (   0.51kB)
    Total ROM Size (Code + RO Data + RW Data)       4180 (   4.08kB)

==============================================================================

